{
    "fqtk": {
        "content": [
            "demux-metrics.txt:md5,1d587fa959f9129155314cf531103347"
        ],
        "meta": {
            "nf-test": "0.8.4",
            "nextflow": "23.10.1"
        },
        "timestamp": "2023-10-17T08:06:53+0000"
    },
    "software_versions": {
        "content": [
            "{FALCO={falco=1.2.1}, FASTP={fastp=0.23.4}, FQTK={fqtk=0.2.1}, MD5SUM={md5sum=8.3}, UNTAR={untar=1.3}, Workflow={nf-core/demultiplex=v1.4.1}}"
        ],
        "meta": {
            "nf-test": "0.8.4",
            "nextflow": "23.10.1"
        },
        "timestamp": "2024-05-15T03:01:59.608315"
    }
}