{
    "software_versions": {
        "content": [
            "{CELLRANGER_MKFASTQ={cellranger=8.0.0}, FALCO={falco=1.2.1}, FASTP={fastp=0.23.4}, MD5SUM={md5sum=8.3}, UNTAR={untar=1.3}, Workflow={nf-core/demultiplex=v1.5.0dev}}"
        ],
        "meta": {
            "nf-test": "0.8.4",
            "nextflow": "23.10.0"
        },
        "timestamp": "2024-07-22T17:20:35.469557836"
    }
}